Refreshed 12 resources

Terraform used the selected providers to generate the following execution plan.

  # aws_instance.web[0] will be updated in-place
  ~ resource "aws_instance" "web" {
      ~ instance_type = "t3.micro" -> "t3.small"
        tags          = {
            "Name" = "web-0"
        }
    }

  # aws_instance.web[1] will be updated in-place
  ~ resource "aws_instance" "web" {
      ~ instance_type = "t3.micro" -> "t3.small"
        tags          = {
            "Name" = "web-1"
        }
    }

Plan: 0 to add, 2 to change, 0 to destroy.
